// Jest Snapshot v1, https://goo.gl/fbAQLP

exports[`Prueba en <TodoAdd /> Debe mostrarse correctamente 1`] = `
<div
  className="form-input"
>
  <h4>
     Agregar Tarea... 
  </h4>
  <hr />
  <form
    onSubmit={[Function]}
  >
    <input
      autoComplete="off"
      className="form-control"
      name="description"
      onChange={[Function]}
      placeholder="Anotar..."
      type="text"
      value=""
    />
    <button
      className="btn btn-outline-primary mt-1 btn-block"
      type="submit"
    >
      Agregar
    </button>
  </form>
</div>
`;
