// Jest Snapshot v1, https://goo.gl/fbAQLP

exports[`Pruebas en <HomeScreen /> Debe mostrarse correctamente: <HomeScreen /> 1`] = `
<div>
  <h1>
    HomeScreen
  </h1>
  <hr />
  <pre>
    {
   "name": "Carlos A.",
   "email": "caoa@dev.com"
}
  </pre>
</div>
`;
